---
source: crates/ralf-tui/src/lib.rs
expression: result
---
● No Thread │ "Select a thread to start"
┌ Timeline ────────────────────────────────────────────────────────────────────┐
│                                                                              │
│                                                                              │
│                                                                              │
│                                                                              │
│                                                                              │
│                                                                              │
│                                                                              │
│                                                                              │
│                                                                              │
│                                                                              │
│  No events yet                                                               │
│                                                                              │
│                                                                              │
│                                                                              │
│                                                                              │
│                                                                              │
│                                                                              │
│                                                                              │
│                                                                              │
│                                                                              │
└──────────────────────────────────────────────────────────────────────────────┘
[j/k] Navigate │ [Enter] Toggle │ [y] Copy │ [Tab] Focus │ [1/2/3] Modes │ [?] H
