---
source: crates/ralf-tui/src/lib.rs
expression: result
---
┌ Run Status ──────────────────────────────────────────────────────────────────┐
│ FAILED  Run: test-run-123  Elapsed: -                                        │
│ Iter 2  Model: -                                                             │
└──────────────────────────────────────────────────────────────────────────────┘
┌ Output ──────────────────────────────────────────────┐┌ Criteria ────────────┐
│ Press Enter to start the run                         ││ No criteria found    │
│                                                      ││                      │
│                                                      ││                      │
│                                                      ││                      │
│                                                      ││                      │
│                                                      ││                      │
│                                                      ││                      │
│                                                      ││                      │
│                                                      ││                      │
└──────────────────────────────────────────────────────┘└──────────────────────┘
┌ Events ──────────────────────────────────────┐┌ Git ─────────────────────────┐
│ No events yet                                ││ Branch: main                 │
│                                              ││ No changes                   │
│                                              ││                              │
│                                              ││                              │
│                                              ││                              │
│                                              ││                              │
└──────────────────────────────────────────────┘└──────────────────────────────┘
 Status   Enter  Start  Esc  Back  f  Toggle Follow  ?  Help             Failed
