---
source: crates/ralf-tui/src/lib.rs
expression: result
---
● No Thread │ "Select a thread to start"
┏ Models ━━━━━━━━━━━━━━━━━━━━━━━━━━━━━━━━━━━━━━━━━━━━━━━━━━━━━━━━━━━━━━━━━━━━━━┓
┃                                                                              ┃
┃                                                                              ┃
┃                                                                              ┃
┃                                                                              ┃
┃                                                                              ┃
┃                                                                              ┃
┃                                                                              ┃
┃                                                                              ┃
┃                                                                              ┃
┃                                                                              ┃
┃                                                                              ┃
┃                                                                              ┃
┃                                                                              ┃
┃                                                                              ┃
┃                                                                              ┃
┃                                                                              ┃
┃                                                                              ┃
┃                                                                              ┃
┃                                                                              ┃
┃                                                                              ┃
┗━━━━━━━━━━━━━━━━━━━━━━━━━━━━━━━━━━━━━━━━━━━━━━━━━━━━━━━━━━━━━━━━━━━━━━━━━━━━━━┛
[Enter] Send message │ [/] Commands │ [Esc] Clear/Quit │ [Tab] Focus │ [F1] Help
