---
source: crates/ralf-tui/src/lib.rs
expression: result
---
● No Thread │ "Select a thread to start"
┌ Timeline ────────────────────┐┏ Models ━━━━━━━━━━━━━━━━━━━━━━━━━━━━━━━━━━━━━━┓
│                              │┃                                              ┃
│                              │┃                                              ┃
│                              │┃                                              ┃
│                              │┃                                              ┃
│                              │┃                                              ┃
│                              │┃                                              ┃
│                              │┃                                              ┃
│                              │┃                                              ┃
│  No events yet               │┃                                              ┃
│                              │┃                                              ┃
│                              │┃                                              ┃
│                              │┃                                              ┃
│                              │┃                                              ┃
│                              │┃                                              ┃
│                              │┃                                              ┃
│                              │┃                                              ┃
│                              │┃                                              ┃
└──────────────────────────────┘┗━━━━━━━━━━━━━━━━━━━━━━━━━━━━━━━━━━━━━━━━━━━━━━┛
┌──────────────────────────────────────────────────────────────────────────────┐
│> _                                                                           │
└──────────────────────────────────────────────────────────────────────────────┘
Split │ Canvas        [j/k] scroll │ [y] copy │ [\] canvas │ [Tab] focus
