---
source: crates/ralf-tui/src/lib.rs
expression: result
---
┌ Run Status ──────────────────────────────────────────────────────────────────┐
│ READY  Run: -  Elapsed: -                                                    │
│ Iter 0  Model: -                                                             │
└──────────────────────────────────────────────────────────────────────────────┘
┌ Output ──────────────────────────────────────────────┐┌ Criteria ────────────┐
│ Press Enter to start the run                         ││ No criteria found    │
│                                                      ││                      │
│                                                      ││                      │
│                                                      ││                      │
│                                                      ││                      │
│                                                      ││                      │
│                                                      ││                      │
│                                                      ││                      │
│                                                      ││                      │
└──────────────────────────────────────────────────────┘└──────────────────────┘
┌ Events ──────────────────────────────────────┐┌ Git ─────────────────────────┐
│ No events yet                                ││ Branch: main                 │
│                                              ││ No changes                   │
│                                              ││                              │
│                                              ││                              │
│                                              ││                              │
│                                              ││                              │
└──────────────────────────────────────────────┘└──────────────────────────────┘
 Status   Enter  Start  Esc  Back  f  Toggle Follow  ?  Help              Ready
