---
source: crates/ralf-tui/src/lib.rs
expression: result
---
● No Thread │ "Select a thread to start"
┌ Timeline ────────────────────────────────────────────────────────────────────┐
│                                                                              │
│                                                                              │
│                                                                              │
│                                                                              │
│                                                                              │
│                                                                              │
│                                                                              │
│                                                                              │
│  No events yet                                                               │
│                                                                              │
│                                                                              │
│                                                                              │
│                                                                              │
│                                                                              │
│                                                                              │
│                                                                              │
│                                                                              │
└──────────────────────────────────────────────────────────────────────────────┘
┌──────────────────────────────────────────────────────────────────────────────┐
│> _                                                                           │
└──────────────────────────────────────────────────────────────────────────────┘
Timeline │ Timeline   [j/k] scroll │ [y] copy │ [\] canvas │ [Tab] focus
