---
source: crates/ralf-tui/src/lib.rs
expression: result
---
● Drafting │ "New Thread"
┌ Timeline ────────────────────┐╭ Context ─────────────────────────────────────╮
│                              ││Context view will appear here...              │
│                              ││                                              │
│                              ││                                              │
│                              ││                                              │
│                              ││                                              │
│                              ││                                              │
│                              ││                                              │
│                              ││                                              │
│                              ││                                              │
│                              ││                                              │
│  No events yet               ││                                              │
│                              ││                                              │
│                              ││                                              │
│                              ││                                              │
│                              ││                                              │
│                              ││                                              │
│                              ││                                              │
│                              ││                                              │
│                              ││                                              │
│                              ││                                              │
└──────────────────────────────┘╰──────────────────────────────────────────────╯
[Tab] Focus │ [1/2/3] Modes │ [?] Help │ [q] Quit
