---
source: crates/ralf-tui/src/lib.rs
expression: result
---
● No Thread │ "Select a thread to start"
┌ Conversation ────────────────┐╭ Models ──────────────────────────────────────╮
│                              ││                                              │
│                              ││                                              │
│                              ││                                              │
│                              ││                                              │
│                              ││                                              │
│                              ││                                              │
│                              ││                                              │
│                              ││                                              │
│  No events yet               ││                                              │
│                              ││                                              │
│                              ││                                              │
│                              ││                                              │
│                              ││                                              │
│                              ││                                              │
│                              ││                                              │
│                              ││                                              │
│──────────────────────────────││                                              │
│> _                           ││                                              │
│                              ││                                              │
│                              ││                                              │
└──────────────────────────────┘╰──────────────────────────────────────────────╯
[j/k] Navigate │ [Enter] Toggle │ [y] Copy │ [Tab] Focus │ [1/2/3] Modes │ [?] H
